; NAD+, same mapping as NADH
[ molecule ]
NAD

[ martini ]
ADN1 ADN2 ADN3 RBSA1 RBSA2 PO4A PO4B RBSB1 RBSB2 NCT1 NCT2 NCT3

[ mapping ]
charmm

[ atoms ]
    1  PA    PO4A
    2  O1A   PO4A
    3  O2A   PO4A
    4  O5B   PO4A
    5  C5B   RBSA1
    6  C4B   RBSA1
    7  O4B   RBSA1
    8  C3B   RBSA2
    9  O3B   RBSA2
   10  C2B   RBSA2
   11  O2B   RBSA2
   12  C1B   RBSA1
   13  N9A   ADN3
   14  C8A   ADN3
   15  N7A   ADN3
   16  C5A   ADN1
   17  C6A   ADN1
   18  N6A   ADN1
   19  N1A   ADN1
   20  C2A   ADN2
   21  N3A   ADN2
   22  C4A   ADN2
   23  O3    PO4A PO4B
   24  PN    PO4B
   25  O1N   PO4B
   26  O2N   PO4B
   27  O5D   PO4B
   28  C5D   RBSB1
   29  C4D   RBSB1
   30  O4D   RBSB1
   31  C3D   RBSB2
   32  O3D   RBSB2
   33  C2D   RBSB2
   34  O2D   RBSB2
   35  C1D   RBSB1
   36  N1N   NCT1
   37  C2N   NCT1
   38  C3N   NCT2
   39  C7N   NCT3
   40  O7N   NCT3
   41  N7N   NCT3
   42  C4N   NCT2
   43  C5N   NCT2
   44  C6N   NCT1
   45  HOA2  RBSA2
   46  HO3A  RBSA2 
   47  H61A  ADN1  
   48  H62A  ADN1  
   49  HO2N  RBSB2  
   50  HO3N  RBSB2 
   51  H71N  NCT3  
   52  H72N  NCT3  

